Archive member included to satisfy reference by file (symbol)

c:/ac6/systemworkbench/plugins/fr.ac6.mcu.externaltools.arm-none.win32_1.7.0.201602121829/tools/compiler/bin/../lib/gcc/arm-none-eabi/5.2.1/../../../../arm-none-eabi/lib/armv7e-m/fpu/fpv5-sp-d16\libc_nano.a(lib_a-exit.o)
                              c:/ac6/systemworkbench/plugins/fr.ac6.mcu.externaltools.arm-none.win32_1.7.0.201602121829/tools/compiler/bin/../lib/gcc/arm-none-eabi/5.2.1/../../../../arm-none-eabi/lib/armv7e-m/fpu/fpv5-sp-d16/crt0.o (exit)
c:/ac6/systemworkbench/plugins/fr.ac6.mcu.externaltools.arm-none.win32_1.7.0.201602121829/tools/compiler/bin/../lib/gcc/arm-none-eabi/5.2.1/../../../../arm-none-eabi/lib/armv7e-m/fpu/fpv5-sp-d16\libc_nano.a(lib_a-impure.o)
                              c:/ac6/systemworkbench/plugins/fr.ac6.mcu.externaltools.arm-none.win32_1.7.0.201602121829/tools/compiler/bin/../lib/gcc/arm-none-eabi/5.2.1/../../../../arm-none-eabi/lib/armv7e-m/fpu/fpv5-sp-d16\libc_nano.a(lib_a-exit.o) (_global_impure_ptr)
c:/ac6/systemworkbench/plugins/fr.ac6.mcu.externaltools.arm-none.win32_1.7.0.201602121829/tools/compiler/bin/../lib/gcc/arm-none-eabi/5.2.1/../../../../arm-none-eabi/lib/armv7e-m/fpu/fpv5-sp-d16\libc_nano.a(lib_a-init.o)
                              c:/ac6/systemworkbench/plugins/fr.ac6.mcu.externaltools.arm-none.win32_1.7.0.201602121829/tools/compiler/bin/../lib/gcc/arm-none-eabi/5.2.1/../../../../arm-none-eabi/lib/armv7e-m/fpu/fpv5-sp-d16/crt0.o (__libc_init_array)
c:/ac6/systemworkbench/plugins/fr.ac6.mcu.externaltools.arm-none.win32_1.7.0.201602121829/tools/compiler/bin/../lib/gcc/arm-none-eabi/5.2.1/../../../../arm-none-eabi/lib/armv7e-m/fpu/fpv5-sp-d16\libc_nano.a(lib_a-memset.o)
                              c:/ac6/systemworkbench/plugins/fr.ac6.mcu.externaltools.arm-none.win32_1.7.0.201602121829/tools/compiler/bin/../lib/gcc/arm-none-eabi/5.2.1/../../../../arm-none-eabi/lib/armv7e-m/fpu/fpv5-sp-d16/crt0.o (memset)
c:/ac6/systemworkbench/plugins/fr.ac6.mcu.externaltools.arm-none.win32_1.7.0.201602121829/tools/compiler/bin/../lib/gcc/arm-none-eabi/5.2.1/../../../../arm-none-eabi/lib/armv7e-m/fpu/fpv5-sp-d16\libnosys.a(_exit.o)
                              c:/ac6/systemworkbench/plugins/fr.ac6.mcu.externaltools.arm-none.win32_1.7.0.201602121829/tools/compiler/bin/../lib/gcc/arm-none-eabi/5.2.1/../../../../arm-none-eabi/lib/armv7e-m/fpu/fpv5-sp-d16\libc_nano.a(lib_a-exit.o) (_exit)

Allocating common symbols
Common symbol       size              file

uwTick              0x4               Drivers/STM32F7xx_HAL_Driver/Src/stm32f7xx_hal.o
pFlash              0x1c              Drivers/STM32F7xx_HAL_Driver/Src/stm32f7xx_hal_flash.o
huart1              0x70              Src/main.o

Discarded input sections

 .text          0x00000000        0x0 c:/ac6/systemworkbench/plugins/fr.ac6.mcu.externaltools.arm-none.win32_1.7.0.201602121829/tools/compiler/bin/../lib/gcc/arm-none-eabi/5.2.1/armv7e-m/fpu/fpv5-sp-d16/crti.o
 .data          0x00000000        0x0 c:/ac6/systemworkbench/plugins/fr.ac6.mcu.externaltools.arm-none.win32_1.7.0.201602121829/tools/compiler/bin/../lib/gcc/arm-none-eabi/5.2.1/armv7e-m/fpu/fpv5-sp-d16/crti.o
 .bss           0x00000000        0x0 c:/ac6/systemworkbench/plugins/fr.ac6.mcu.externaltools.arm-none.win32_1.7.0.201602121829/tools/compiler/bin/../lib/gcc/arm-none-eabi/5.2.1/armv7e-m/fpu/fpv5-sp-d16/crti.o
 .data          0x00000000        0x4 c:/ac6/systemworkbench/plugins/fr.ac6.mcu.externaltools.arm-none.win32_1.7.0.201602121829/tools/compiler/bin/../lib/gcc/arm-none-eabi/5.2.1/armv7e-m/fpu/fpv5-sp-d16/crtbegin.o
 .text          0x00000000       0x74 c:/ac6/systemworkbench/plugins/fr.ac6.mcu.externaltools.arm-none.win32_1.7.0.201602121829/tools/compiler/bin/../lib/gcc/arm-none-eabi/5.2.1/../../../../arm-none-eabi/lib/armv7e-m/fpu/fpv5-sp-d16/crt0.o
 .data          0x00000000        0x0 c:/ac6/systemworkbench/plugins/fr.ac6.mcu.externaltools.arm-none.win32_1.7.0.201602121829/tools/compiler/bin/../lib/gcc/arm-none-eabi/5.2.1/../../../../arm-none-eabi/lib/armv7e-m/fpu/fpv5-sp-d16/crt0.o
 .bss           0x00000000        0x0 c:/ac6/systemworkbench/plugins/fr.ac6.mcu.externaltools.arm-none.win32_1.7.0.201602121829/tools/compiler/bin/../lib/gcc/arm-none-eabi/5.2.1/../../../../arm-none-eabi/lib/armv7e-m/fpu/fpv5-sp-d16/crt0.o
 .ARM.extab     0x00000000        0x0 c:/ac6/systemworkbench/plugins/fr.ac6.mcu.externaltools.arm-none.win32_1.7.0.201602121829/tools/compiler/bin/../lib/gcc/arm-none-eabi/5.2.1/../../../../arm-none-eabi/lib/armv7e-m/fpu/fpv5-sp-d16/crt0.o
 .ARM.exidx     0x00000000        0x8 c:/ac6/systemworkbench/plugins/fr.ac6.mcu.externaltools.arm-none.win32_1.7.0.201602121829/tools/compiler/bin/../lib/gcc/arm-none-eabi/5.2.1/../../../../arm-none-eabi/lib/armv7e-m/fpu/fpv5-sp-d16/crt0.o
 .ARM.attributes
[...]
Memory Configuration

Name             Origin             Length             Attributes
RAM              0x20000000         0x00050000         xrw
FLASH            0x08000000         0x00100000         xr
*default*        0x00000000         0xffffffff

Linker script and memory map

LOAD c:/ac6/systemworkbench/plugins/fr.ac6.mcu.externaltools.arm-none.win32_1.7.0.201602121829/tools/compiler/bin/../lib/gcc/arm-none-eabi/5.2.1/armv7e-m/fpu/fpv5-sp-d16/crti.o
LOAD c:/ac6/systemworkbench/plugins/fr.ac6.mcu.externaltools.arm-none.win32_1.7.0.201602121829/tools/compiler/bin/../lib/gcc/arm-none-eabi/5.2.1/armv7e-m/fpu/fpv5-sp-d16/crtbegin.o
LOAD c:/ac6/systemworkbench/plugins/fr.ac6.mcu.externaltools.arm-none.win32_1.7.0.201602121829/tools/compiler/bin/../lib/gcc/arm-none-eabi/5.2.1/../../../../arm-none-eabi/lib/armv7e-m/fpu/fpv5-sp-d16/crt0.o
LOAD c:/ac6/systemworkbench/plugins/fr.ac6.mcu.externaltools.arm-none.win32_1.7.0.201602121829/tools/compiler/bin/../lib/gcc/arm-none-eabi/5.2.1/../../../../arm-none-eabi/lib/armv7e-m/fpu/fpv5-sp-d16\libm.a
LOAD Drivers/CMSIS/Device/ST/STM32F7xx/Source/Templates/gcc/startup_stm32f746xx.o
LOAD Drivers/CMSIS/Device/ST/STM32F7xx/Source/Templates/system_stm32f7xx.o
LOAD Drivers/STM32F7xx_HAL_Driver/Src/stm32f7xx_hal.o
LOAD Drivers/STM32F7xx_HAL_Driver/Src/stm32f7xx_hal_cortex.o
LOAD Drivers/STM32F7xx_HAL_Driver/Src/stm32f7xx_hal_dma.o
LOAD Drivers/STM32F7xx_HAL_Driver/Src/stm32f7xx_hal_dma_ex.o
LOAD Drivers/STM32F7xx_HAL_Driver/Src/stm32f7xx_hal_flash.o
LOAD Drivers/STM32F7xx_HAL_Driver/Src/stm32f7xx_hal_flash_ex.o
LOAD Drivers/STM32F7xx_HAL_Driver/Src/stm32f7xx_hal_gpio.o
LOAD Drivers/STM32F7xx_HAL_Driver/Src/stm32f7xx_hal_i2c.o
LOAD Drivers/STM32F7xx_HAL_Driver/Src/stm32f7xx_hal_i2c_ex.o
LOAD Drivers/STM32F7xx_HAL_Driver/Src/stm32f7xx_hal_pwr.o
LOAD Drivers/STM32F7xx_HAL_Driver/Src/stm32f7xx_hal_pwr_ex.o
LOAD Drivers/STM32F7xx_HAL_Driver/Src/stm32f7xx_hal_rcc.o
LOAD Drivers/STM32F7xx_HAL_Driver/Src/stm32f7xx_hal_rcc_ex.o
LOAD Drivers/STM32F7xx_HAL_Driver/Src/stm32f7xx_hal_tim.o
LOAD Drivers/STM32F7xx_HAL_Driver/Src/stm32f7xx_hal_tim_ex.o
LOAD Drivers/STM32F7xx_HAL_Driver/Src/stm32f7xx_hal_uart.o
LOAD Src/main.o
LOAD Src/stm32f7xx_hal_msp.o
LOAD Src/stm32f7xx_it.o
START GROUP
LOAD c:/ac6/systemworkbench/plugins/fr.ac6.mcu.externaltools.arm-none.win32_1.7.0.201602121829/tools/compiler/bin/../lib/gcc/arm-none-eabi/5.2.1/armv7e-m/fpu/fpv5-sp-d16\libgcc.a
LOAD c:/ac6/systemworkbench/plugins/fr.ac6.mcu.externaltools.arm-none.win32_1.7.0.201602121829/tools/compiler/bin/../lib/gcc/arm-none-eabi/5.2.1/../../../../arm-none-eabi/lib/armv7e-m/fpu/fpv5-sp-d16\libc_nano.a
END GROUP
START GROUP
LOAD c:/ac6/systemworkbench/plugins/fr.ac6.mcu.externaltools.arm-none.win32_1.7.0.201602121829/tools/compiler/bin/../lib/gcc/arm-none-eabi/5.2.1/armv7e-m/fpu/fpv5-sp-d16\libgcc.a
LOAD c:/ac6/systemworkbench/plugins/fr.ac6.mcu.externaltools.arm-none.win32_1.7.0.201602121829/tools/compiler/bin/../lib/gcc/arm-none-eabi/5.2.1/../../../../arm-none-eabi/lib/armv7e-m/fpu/fpv5-sp-d16\libc_nano.a
LOAD c:/ac6/systemworkbench/plugins/fr.ac6.mcu.externaltools.arm-none.win32_1.7.0.201602121829/tools/compiler/bin/../lib/gcc/arm-none-eabi/5.2.1/../../../../arm-none-eabi/lib/armv7e-m/fpu/fpv5-sp-d16\libnosys.a
END GROUP
START GROUP
LOAD c:/ac6/systemworkbench/plugins/fr.ac6.mcu.externaltools.arm-none.win32_1.7.0.201602121829/tools/compiler/bin/../lib/gcc/arm-none-eabi/5.2.1/armv7e-m/fpu/fpv5-sp-d16\libgcc.a
LOAD c:/ac6/systemworkbench/plugins/fr.ac6.mcu.externaltools.arm-none.win32_1.7.0.201602121829/tools/compiler/bin/../lib/gcc/arm-none-eabi/5.2.1/../../../../arm-none-eabi/lib/armv7e-m/fpu/fpv5-sp-d16\libc_nano.a
LOAD c:/ac6/systemworkbench/plugins/fr.ac6.mcu.externaltools.arm-none.win32_1.7.0.201602121829/tools/compiler/bin/../lib/gcc/arm-none-eabi/5.2.1/../../../../arm-none-eabi/lib/armv7e-m/fpu/fpv5-sp-d16\libnosys.a
END GROUP
LOAD c:/ac6/systemworkbench/plugins/fr.ac6.mcu.externaltools.arm-none.win32_1.7.0.201602121829/tools/compiler/bin/../lib/gcc/arm-none-eabi/5.2.1/armv7e-m/fpu/fpv5-sp-d16/crtend.o
LOAD c:/ac6/systemworkbench/plugins/fr.ac6.mcu.externaltools.arm-none.win32_1.7.0.201602121829/tools/compiler/bin/../lib/gcc/arm-none-eabi/5.2.1/armv7e-m/fpu/fpv5-sp-d16/crtn.o
                0x20050000                _estack = 0x20050000
                0x00000200                _Min_Heap_Size = 0x200
                0x00000400                _Min_Stack_Size = 0x400

.isr_vector     0x08000000      0x1c8
                0x08000000                . = ALIGN (0x4)
 *(.isr_vector)
 .isr_vector    0x08000000      0x1c8 Drivers/CMSIS/Device/ST/STM32F7xx/Source/Templates/gcc/startup_stm32f746xx.o
                0x08000000                g_pfnVectors
                0x080001c8                . = ALIGN (0x4)

.text           0x080001c8     0x18cc
                0x080001c8                . = ALIGN (0x4)
 *(.text)
 .text          0x080001c8       0xa4 c:/ac6/systemworkbench/plugins/fr.ac6.mcu.externaltools.arm-none.win32_1.7.0.201602121829/tools/compiler/bin/../lib/gcc/arm-none-eabi/5.2.1/armv7e-m/fpu/fpv5-sp-d16/crtbegin.o
 *(.text*)
 .text.Reset_Handler
                0x0800026c       0x50 Drivers/CMSIS/Device/ST/STM32F7xx/Source/Templates/gcc/startup_stm32f746xx.o
                0x0800026c                Reset_Handler
 .text.Default_Handler
                0x080002bc        0x2 Drivers/CMSIS/Device/ST/STM32F7xx/Source/Templates/gcc/startup_stm32f746xx.o
                0x080002bc                RTC_Alarm_IRQHandler
                0x080002bc                EXTI2_IRQHandler
                0x080002bc                TIM8_CC_IRQHandler
                0x080002bc                DebugMon_Handler
                0x080002bc                UART8_IRQHandler
                0x080002bc                SPI4_IRQHandler
                0x080002bc                TIM1_CC_IRQHandler
                0x080002bc                DMA2_Stream5_IRQHandler
                0x080002bc                HardFault_Handler
                0x080002bc                DMA1_Stream5_IRQHandler
                0x080002bc                PVD_IRQHandler
                0x080002bc                TAMP_STAMP_IRQHandler
                0x080002bc                NMI_Handler
                0x080002bc                CAN2_RX1_IRQHandler
                0x080002bc                EXTI3_IRQHandler
                0x080002bc                TIM8_TRG_COM_TIM14_IRQHandler
                0x080002bc                TIM1_UP_TIM10_IRQHandler
                0x080002bc                TIM8_UP_TIM13_IRQHandler
                0x080002bc                I2C3_ER_IRQHandler
                0x080002bc                EXTI0_IRQHandler
                0x080002bc                I2C2_EV_IRQHandler
                0x080002bc                DMA1_Stream2_IRQHandler
                0x080002bc                CAN1_RX0_IRQHandler
                0x080002bc                FPU_IRQHandler
                0x080002bc                OTG_HS_WKUP_IRQHandler
                0x080002bc                UsageFault_Handler
                0x080002bc                LTDC_ER_IRQHandler
                0x080002bc                CAN2_SCE_IRQHandler
                0x080002bc                DMA2_Stream2_IRQHandler
                0x080002bc                SPI1_IRQHandler
                0x080002bc                TIM6_DAC_IRQHandler
                0x080002bc                TIM1_BRK_TIM9_IRQHandler
                0x080002bc                DCMI_IRQHandler
                0x080002bc                CAN2_RX0_IRQHandler
                0x080002bc                DMA2_Stream3_IRQHandler
                0x080002bc                SAI2_IRQHandler
                0x080002bc                USART6_IRQHandler
                0x080002bc                USART3_IRQHandler
                0x080002bc                CAN1_RX1_IRQHandler
                0x080002bc                UART5_IRQHandler
                0x080002bc                DMA2_Stream0_IRQHandler
                0x080002bc                TIM4_IRQHandler
                0x080002bc                QUADSPI_IRQHandler
                0x080002bc                I2C1_EV_IRQHandler
                0x080002bc                DMA1_Stream6_IRQHandler
                0x080002bc                DMA1_Stream1_IRQHandler
                0x080002bc                UART4_IRQHandler
                0x080002bc                TIM3_IRQHandler
                0x080002bc                RCC_IRQHandler
                0x080002bc                TIM8_BRK_TIM12_IRQHandler
                0x080002bc                Default_Handler
                0x080002bc                CEC_IRQHandler
                0x080002bc                EXTI15_10_IRQHandler
                0x080002bc                ADC_IRQHandler
                0x080002bc                DMA1_Stream7_IRQHandler
                0x080002bc                SPI5_IRQHandler
                0x080002bc                TIM7_IRQHandler
                0x080002bc                SDMMC1_IRQHandler
                0x080002bc                CAN2_TX_IRQHandler
                0x080002bc                TIM5_IRQHandler
                0x080002bc                DMA2_Stream7_IRQHandler
                0x080002bc                I2C3_EV_IRQHandler
                0x080002bc                EXTI9_5_IRQHandler
                0x080002bc                RTC_WKUP_IRQHandler
                0x080002bc                LTDC_IRQHandler
                0x080002bc                ETH_WKUP_IRQHandler
                0x080002bc                SPDIF_RX_IRQHandler
                0x080002bc                SPI2_IRQHandler
                0x080002bc                OTG_HS_EP1_IN_IRQHandler
                0x080002bc                MemManage_Handler
                0x080002bc                DMA1_Stream0_IRQHandler
                0x080002bc                CAN1_TX_IRQHandler
                0x080002bc                EXTI4_IRQHandler
                0x080002bc                RNG_IRQHandler
                0x080002bc                ETH_IRQHandler
                0x080002bc                OTG_HS_EP1_OUT_IRQHandler
                0x080002bc                WWDG_IRQHandler
                0x080002bc                SPI6_IRQHandler
                0x080002bc                I2C4_EV_IRQHandler
                0x080002bc                TIM2_IRQHandler
                0x080002bc                OTG_FS_WKUP_IRQHandler
                0x080002bc                TIM1_TRG_COM_TIM11_IRQHandler
                0x080002bc                OTG_HS_IRQHandler
                0x080002bc                DMA2D_IRQHandler
                0x080002bc                EXTI1_IRQHandler
                0x080002bc                UART7_IRQHandler
                0x080002bc                USART2_IRQHandler
                0x080002bc                I2C2_ER_IRQHandler
                0x080002bc                DMA2_Stream1_IRQHandler
                0x080002bc                CAN1_SCE_IRQHandler
                0x080002bc                FLASH_IRQHandler
                0x080002bc                DMA2_Stream4_IRQHandler
                0x080002bc                BusFault_Handler
                0x080002bc                USART1_IRQHandler
                0x080002bc                OTG_FS_IRQHandler
                0x080002bc                SPI3_IRQHandler
                0x080002bc                DMA1_Stream4_IRQHandler
                0x080002bc                I2C1_ER_IRQHandler
                0x080002bc                FMC_IRQHandler
                0x080002bc                LPTIM1_IRQHandler
                0x080002bc                I2C4_ER_IRQHandler
                0x080002bc                DMA2_Stream6_IRQHandler
                0x080002bc                SAI1_IRQHandler
                0x080002bc                DMA1_Stream3_IRQHandler
 *fill*         0x080002be        0x2 
 .text.SystemInit
                0x080002c0       0x4c Drivers/CMSIS/Device/ST/STM32F7xx/Source/Templates/system_stm32f7xx.o
                0x080002c0                SystemInit
 .text.HAL_InitTick
                0x0800030c       0x28 Drivers/STM32F7xx_HAL_Driver/Src/stm32f7xx_hal.o
                0x0800030c                HAL_InitTick
 .text.HAL_Init
                0x08000334       0x16 Drivers/STM32F7xx_HAL_Driver/Src/stm32f7xx_hal.o
                0x08000334                HAL_Init
 *fill*         0x0800034a        0x2 
 .text.HAL_IncTick
                0x0800034c       0x10 Drivers/STM32F7xx_HAL_Driver/Src/stm32f7xx_hal.o
                0x0800034c                HAL_IncTick
 .text.HAL_GetTick
                0x0800035c        0xc Drivers/STM32F7xx_HAL_Driver/Src/stm32f7xx_hal.o
                0x0800035c                HAL_GetTick
 .text.HAL_NVIC_SetPriorityGrouping
                0x08000368       0x24 Drivers/STM32F7xx_HAL_Driver/Src/stm32f7xx_hal_cortex.o
                0x08000368                HAL_NVIC_SetPriorityGrouping
 .text.HAL_NVIC_SetPriority
                0x0800038c       0x70 Drivers/STM32F7xx_HAL_Driver/Src/stm32f7xx_hal_cortex.o
                0x0800038c                HAL_NVIC_SetPriority
 .text.HAL_SYSTICK_Config
                0x080003fc       0x2c Drivers/STM32F7xx_HAL_Driver/Src/stm32f7xx_hal_cortex.o
                0x080003fc                HAL_SYSTICK_Config
 .text.HAL_SYSTICK_CLKSourceConfig
                0x08000428       0x18 Drivers/STM32F7xx_HAL_Driver/Src/stm32f7xx_hal_cortex.o
                0x08000428                HAL_SYSTICK_CLKSourceConfig
 .text.HAL_SYSTICK_Callback
                0x08000440        0x2 Drivers/STM32F7xx_HAL_Driver/Src/stm32f7xx_hal_cortex.o
                0x08000440                HAL_SYSTICK_Callback
 .text.HAL_SYSTICK_IRQHandler
                0x08000442        0x8 Drivers/STM32F7xx_HAL_Driver/Src/stm32f7xx_hal_cortex.o
                0x08000442                HAL_SYSTICK_IRQHandler
 *fill*         0x0800044a        0x2 
 .text.HAL_GPIO_Init
                0x0800044c      0x1d8 Drivers/STM32F7xx_HAL_Driver/Src/stm32f7xx_hal_gpio.o
                0x0800044c                HAL_GPIO_Init
 .text.HAL_GPIO_ReadPin
                0x08000624        0xc Drivers/STM32F7xx_HAL_Driver/Src/stm32f7xx_hal_gpio.o
                0x08000624                HAL_GPIO_ReadPin
 .text.HAL_GPIO_WritePin
                0x08000630        0x8 Drivers/STM32F7xx_HAL_Driver/Src/stm32f7xx_hal_gpio.o
                0x08000630                HAL_GPIO_WritePin
 .text.HAL_RCC_OscConfig
                0x08000638      0x338 Drivers/STM32F7xx_HAL_Driver/Src/stm32f7xx_hal_rcc.o
                0x08000638                HAL_RCC_OscConfig
 .text.HAL_RCC_GetSysClockFreq
                0x08000970       0x7c Drivers/STM32F7xx_HAL_Driver/Src/stm32f7xx_hal_rcc.o
                0x08000970                HAL_RCC_GetSysClockFreq
 .text.HAL_RCC_ClockConfig
                0x080009ec      0x154 Drivers/STM32F7xx_HAL_Driver/Src/stm32f7xx_hal_rcc.o
                0x080009ec                HAL_RCC_ClockConfig
 .text.HAL_RCC_GetHCLKFreq
                0x08000b40        0xc Drivers/STM32F7xx_HAL_Driver/Src/stm32f7xx_hal_rcc.o
                0x08000b40                HAL_RCC_GetHCLKFreq
 .text.HAL_RCC_GetPCLK1Freq
                0x08000b4c       0x30 Drivers/STM32F7xx_HAL_Driver/Src/stm32f7xx_hal_rcc.o
                0x08000b4c                HAL_RCC_GetPCLK1Freq
 .text.HAL_RCC_GetPCLK2Freq
                0x08000b7c       0x30 Drivers/STM32F7xx_HAL_Driver/Src/stm32f7xx_hal_rcc.o
                0x08000b7c                HAL_RCC_GetPCLK2Freq
 .text.HAL_RCCEx_PeriphCLKConfig
                0x08000bac      0x74c Drivers/STM32F7xx_HAL_Driver/Src/stm32f7xx_hal_rcc_ex.o
                0x08000bac                HAL_RCCEx_PeriphCLKConfig
 .text.UART_WaitOnFlagUntilTimeout
                0x080012f8       0x62 Drivers/STM32F7xx_HAL_Driver/Src/stm32f7xx_hal_uart.o
                0x080012f8                UART_WaitOnFlagUntilTimeout
 .text.HAL_UART_Transmit
                0x0800135a       0xb4 Drivers/STM32F7xx_HAL_Driver/Src/stm32f7xx_hal_uart.o
                0x0800135a                HAL_UART_Transmit
 *fill*         0x0800140e        0x2 
 .text.UART_SetConfig
                0x08001410      0x268 Drivers/STM32F7xx_HAL_Driver/Src/stm32f7xx_hal_uart.o
                0x08001410                UART_SetConfig
 .text.UART_AdvFeatureConfig
                0x08001678       0xaa Drivers/STM32F7xx_HAL_Driver/Src/stm32f7xx_hal_uart.o
                0x08001678                UART_AdvFeatureConfig
 .text.UART_CheckIdleState
                0x08001722       0x68 Drivers/STM32F7xx_HAL_Driver/Src/stm32f7xx_hal_uart.o
                0x08001722                UART_CheckIdleState
 .text.HAL_UART_Init
                0x0800178a       0x64 Drivers/STM32F7xx_HAL_Driver/Src/stm32f7xx_hal_uart.o
                0x0800178a                HAL_UART_Init
 *fill*         0x080017ee        0x2 
 .text.SystemClock_Config
                0x080017f0       0xb8 Src/main.o
                0x080017f0                SystemClock_Config
 .text.startup.main
                0x080018a8       0xc8 Src/main.o
                0x080018a8                main
 .text.HAL_MspInit
                0x08001970       0x60 Src/stm32f7xx_hal_msp.o
                0x08001970                HAL_MspInit
 .text.HAL_UART_MspInit
                0x080019d0       0x4c Src/stm32f7xx_hal_msp.o
                0x080019d0                HAL_UART_MspInit
 .text.SVC_Handler
                0x08001a1c        0x2 Src/stm32f7xx_it.o
                0x08001a1c                SVC_Handler
 .text.PendSV_Handler
                0x08001a1e        0x2 Src/stm32f7xx_it.o
                0x08001a1e                PendSV_Handler
 .text.SysTick_Handler
                0x08001a20        0xe Src/stm32f7xx_it.o
                0x08001a20                SysTick_Handler
 *fill*         0x08001a2e        0x2 
 .text.__libc_init_array
                0x08001a30       0x4c c:/ac6/systemworkbench/plugins/fr.ac6.mcu.externaltools.arm-none.win32_1.7.0.201602121829/tools/compiler/bin/../lib/gcc/arm-none-eabi/5.2.1/../../../../arm-none-eabi/lib/armv7e-m/fpu/fpv5-sp-d16\libc_nano.a(lib_a-init.o)
                0x08001a30                __libc_init_array
 *(.glue_7)
 .glue_7        0x08001a7c        0x0 linker stubs
 *(.glue_7t)
 .glue_7t       0x08001a7c        0x0 linker stubs
 *(.eh_frame)
 .eh_frame      0x08001a7c        0x0 c:/ac6/systemworkbench/plugins/fr.ac6.mcu.externaltools.arm-none.win32_1.7.0.201602121829/tools/compiler/bin/../lib/gcc/arm-none-eabi/5.2.1/armv7e-m/fpu/fpv5-sp-d16/crtbegin.o
 *(.init)
 .init          0x08001a7c        0x4 c:/ac6/systemworkbench/plugins/fr.ac6.mcu.externaltools.arm-none.win32_1.7.0.201602121829/tools/compiler/bin/../lib/gcc/arm-none-eabi/5.2.1/armv7e-m/fpu/fpv5-sp-d16/crti.o
                0x08001a7c                _init
 .init          0x08001a80        0x8 c:/ac6/systemworkbench/plugins/fr.ac6.mcu.externaltools.arm-none.win32_1.7.0.201602121829/tools/compiler/bin/../lib/gcc/arm-none-eabi/5.2.1/armv7e-m/fpu/fpv5-sp-d16/crtn.o
 *(.fini)
 .fini          0x08001a88        0x4 c:/ac6/systemworkbench/plugins/fr.ac6.mcu.externaltools.arm-none.win32_1.7.0.201602121829/tools/compiler/bin/../lib/gcc/arm-none-eabi/5.2.1/armv7e-m/fpu/fpv5-sp-d16/crti.o
                0x08001a88                _fini
 .fini          0x08001a8c        0x8 c:/ac6/systemworkbench/plugins/fr.ac6.mcu.externaltools.arm-none.win32_1.7.0.201602121829/tools/compiler/bin/../lib/gcc/arm-none-eabi/5.2.1/armv7e-m/fpu/fpv5-sp-d16/crtn.o
                0x08001a94                . = ALIGN (0x4)
                0x08001a94                _etext = .

.vfp11_veneer   0x08001a94        0x0
 .vfp11_veneer  0x08001a94        0x0 linker stubs

.v4_bx          0x08001a94        0x0
 .v4_bx         0x08001a94        0x0 linker stubs

.iplt           0x08001a94        0x0
 .iplt          0x08001a94        0x0 c:/ac6/systemworkbench/plugins/fr.ac6.mcu.externaltools.arm-none.win32_1.7.0.201602121829/tools/compiler/bin/../lib/gcc/arm-none-eabi/5.2.1/armv7e-m/fpu/fpv5-sp-d16/crtbegin.o

.rodata         0x08001a94       0x30
                0x08001a94                . = ALIGN (0x4)
 *(.rodata)
 .rodata        0x08001a94       0x18 Drivers/CMSIS/Device/ST/STM32F7xx/Source/Templates/system_stm32f7xx.o
                0x08001a94                AHBPrescTable
                0x08001aa4                APBPrescTable
 .rodata        0x08001aac       0x11 Drivers/STM32F7xx_HAL_Driver/Src/stm32f7xx_hal_uart.o
 *(.rodata*)
 .rodata.str1.1
                0x08001abd        0x7 Src/main.o
                0x08001ac4                . = ALIGN (0x4)

.rel.dyn        0x08001ac4        0x0
 .rel.iplt      0x08001ac4        0x0 c:/ac6/systemworkbench/plugins/fr.ac6.mcu.externaltools.arm-none.win32_1.7.0.201602121829/tools/compiler/bin/../lib/gcc/arm-none-eabi/5.2.1/armv7e-m/fpu/fpv5-sp-d16/crtbegin.o

.ARM.extab
 *(.ARM.extab* .gnu.linkonce.armextab.*)

.ARM            0x08001ac4        0x0
                0x08001ac4                __exidx_start = .
 *(.ARM.exidx*)
                0x08001ac4                __exidx_end = .

.preinit_array  0x08001ac4        0x0
                0x08001ac4                PROVIDE (__preinit_array_start, .)
 *(.preinit_array*)
                0x08001ac4                PROVIDE (__preinit_array_end, .)

.init_array     0x08001ac4        0x4
                0x08001ac4                PROVIDE (__init_array_start, .)
 *(SORT(.init_array.*))
 *(.init_array*)
 .init_array    0x08001ac4        0x4 c:/ac6/systemworkbench/plugins/fr.ac6.mcu.externaltools.arm-none.win32_1.7.0.201602121829/tools/compiler/bin/../lib/gcc/arm-none-eabi/5.2.1/armv7e-m/fpu/fpv5-sp-d16/crtbegin.o
                0x08001ac8                PROVIDE (__init_array_end, .)

.fini_array     0x08001ac8        0x4
                [!provide]                PROVIDE (__fini_array_start, .)
 *(SORT(.fini_array.*))
 *(.fini_array*)
 .fini_array    0x08001ac8        0x4 c:/ac6/systemworkbench/plugins/fr.ac6.mcu.externaltools.arm-none.win32_1.7.0.201602121829/tools/compiler/bin/../lib/gcc/arm-none-eabi/5.2.1/armv7e-m/fpu/fpv5-sp-d16/crtbegin.o
                [!provide]                PROVIDE (__fini_array_end, .)
                0x08001acc                _sidata = LOADADDR (.data)

.data           0x20000000        0x4 load address 0x08001acc
                0x20000000                . = ALIGN (0x4)
                0x20000000                _sdata = .
 *(.data)
 .data          0x20000000        0x4 Drivers/CMSIS/Device/ST/STM32F7xx/Source/Templates/system_stm32f7xx.o
                0x20000000                SystemCoreClock
 *(.data*)
                0x20000004                . = ALIGN (0x4)
                0x20000004                _edata = .

.jcr            0x20000004        0x0 load address 0x08001ad0
 .jcr           0x20000004        0x0 c:/ac6/systemworkbench/plugins/fr.ac6.mcu.externaltools.arm-none.win32_1.7.0.201602121829/tools/compiler/bin/../lib/gcc/arm-none-eabi/5.2.1/armv7e-m/fpu/fpv5-sp-d16/crtbegin.o

.tm_clone_table
                0x20000004        0x0 load address 0x08001ad0
 .tm_clone_table
                0x20000004        0x0 c:/ac6/systemworkbench/plugins/fr.ac6.mcu.externaltools.arm-none.win32_1.7.0.201602121829/tools/compiler/bin/../lib/gcc/arm-none-eabi/5.2.1/armv7e-m/fpu/fpv5-sp-d16/crtbegin.o
 .tm_clone_table
                0x20000004        0x0 c:/ac6/systemworkbench/plugins/fr.ac6.mcu.externaltools.arm-none.win32_1.7.0.201602121829/tools/compiler/bin/../lib/gcc/arm-none-eabi/5.2.1/armv7e-m/fpu/fpv5-sp-d16/crtend.o

.igot.plt       0x20000004        0x0 load address 0x08001ad0
 .igot.plt      0x20000004        0x0 c:/ac6/systemworkbench/plugins/fr.ac6.mcu.externaltools.arm-none.win32_1.7.0.201602121829/tools/compiler/bin/../lib/gcc/arm-none-eabi/5.2.1/armv7e-m/fpu/fpv5-sp-d16/crtbegin.o
                0x20000004                . = ALIGN (0x4)

.bss            0x20000004       0x90 load address 0x08001ad0
                0x20000004                _sbss = .
                0x20000004                __bss_start__ = _sbss
 *(.bss)
 .bss           0x20000004       0x1c c:/ac6/systemworkbench/plugins/fr.ac6.mcu.externaltools.arm-none.win32_1.7.0.201602121829/tools/compiler/bin/../lib/gcc/arm-none-eabi/5.2.1/armv7e-m/fpu/fpv5-sp-d16/crtbegin.o
 *(.bss*)
 *(COMMON)
 COMMON         0x20000020        0x4 Drivers/STM32F7xx_HAL_Driver/Src/stm32f7xx_hal.o
                0x20000020                uwTick
 COMMON         0x20000024       0x70 Src/main.o
                0x20000024                huart1
                0x20000094                . = ALIGN (0x4)
                0x20000094                _ebss = .
                0x20000094                __bss_end__ = _ebss

._user_heap_stack
                0x20000094      0x604 load address 0x08001ad0
                0x20000098                . = ALIGN (0x8)
 *fill*         0x20000094        0x4 
                [!provide]                PROVIDE (end, .)
                [!provide]                PROVIDE (_end, .)
                0x20000298                . = (. + _Min_Heap_Size)
 *fill*         0x20000098      0x200 
                0x20000698                . = (. + _Min_Stack_Size)
 *fill*         0x20000298      0x400 
                0x20000698                . = ALIGN (0x8)

/DISCARD/
 libc.a(*)
 libm.a(*)
 libgcc.a(*)

.ARM.attributes
                0x00000000       0x30
 *(.ARM.attributes)
 .ARM.attributes
                0x00000000       0x22 c:/ac6/systemworkbench/plugins/fr.ac6.mcu.externaltools.arm-none.win32_1.7.0.201602121829/tools/compiler/bin/../lib/gcc/arm-none-eabi/5.2.1/armv7e-m/fpu/fpv5-sp-d16/crti.o
 .ARM.attributes
                0x00000022       0x34 c:/ac6/systemworkbench/plugins/fr.ac6.mcu.externaltools.arm-none.win32_1.7.0.201602121829/tools/compiler/bin/../lib/gcc/arm-none-eabi/5.2.1/armv7e-m/fpu/fpv5-sp-d16/crtbegin.o
 .ARM.attributes
                0x00000056       0x21 Drivers/CMSIS/Device/ST/STM32F7xx/Source/Templates/gcc/startup_stm32f746xx.o
 .ARM.attributes
                0x00000077       0x39 Drivers/CMSIS/Device/ST/STM32F7xx/Source/Templates/system_stm32f7xx.o
 .ARM.attributes
                0x000000b0       0x39 Drivers/STM32F7xx_HAL_Driver/Src/stm32f7xx_hal.o
 .ARM.attributes
                0x000000e9       0x39 Drivers/STM32F7xx_HAL_Driver/Src/stm32f7xx_hal_cortex.o
 .ARM.attributes
                0x00000122       0x39 Drivers/STM32F7xx_HAL_Driver/Src/stm32f7xx_hal_gpio.o
 .ARM.attributes
                0x0000015b       0x39 Drivers/STM32F7xx_HAL_Driver/Src/stm32f7xx_hal_rcc.o
 .ARM.attributes
                0x00000194       0x39 Drivers/STM32F7xx_HAL_Driver/Src/stm32f7xx_hal_rcc_ex.o
 .ARM.attributes
                0x000001cd       0x39 Drivers/STM32F7xx_HAL_Driver/Src/stm32f7xx_hal_uart.o
 .ARM.attributes
                0x00000206       0x39 Src/main.o
 .ARM.attributes
                0x0000023f       0x39 Src/stm32f7xx_hal_msp.o
 .ARM.attributes
                0x00000278       0x39 Src/stm32f7xx_it.o
 .ARM.attributes
                0x000002b1       0x34 c:/ac6/systemworkbench/plugins/fr.ac6.mcu.externaltools.arm-none.win32_1.7.0.201602121829/tools/compiler/bin/../lib/gcc/arm-none-eabi/5.2.1/../../../../arm-none-eabi/lib/armv7e-m/fpu/fpv5-sp-d16\libc_nano.a(lib_a-init.o)
 .ARM.attributes
                0x000002e5       0x34 c:/ac6/systemworkbench/plugins/fr.ac6.mcu.externaltools.arm-none.win32_1.7.0.201602121829/tools/compiler/bin/../lib/gcc/arm-none-eabi/5.2.1/armv7e-m/fpu/fpv5-sp-d16/crtend.o
 .ARM.attributes
                0x00000319       0x22 c:/ac6/systemworkbench/plugins/fr.ac6.mcu.externaltools.arm-none.win32_1.7.0.201602121829/tools/compiler/bin/../lib/gcc/arm-none-eabi/5.2.1/armv7e-m/fpu/fpv5-sp-d16/crtn.o
OUTPUT(UART.elf elf32-littlearm)

.debug_line     0x00000000     0x6521
 .debug_line    0x00000000       0xae Drivers/CMSIS/Device/ST/STM32F7xx/Source/Templates/gcc/startup_stm32f746xx.o
 .debug_line    0x000000ae      0x7ea Drivers/CMSIS/Device/ST/STM32F7xx/Source/Templates/system_stm32f7xx.o
 .debug_line    0x00000898      0x93f Drivers/STM32F7xx_HAL_Driver/Src/stm32f7xx_hal.o
 .debug_line    0x000011d7      0x9e4 Drivers/STM32F7xx_HAL_Driver/Src/stm32f7xx_hal_cortex.o
 .debug_line    0x00001bbb      0x9a1 Drivers/STM32F7xx_HAL_Driver/Src/stm32f7xx_hal_gpio.o
 .debug_line    0x0000255c      0xb70 Drivers/STM32F7xx_HAL_Driver/Src/stm32f7xx_hal_rcc.o
 .debug_line    0x000030cc      0xbd8 Drivers/STM32F7xx_HAL_Driver/Src/stm32f7xx_hal_rcc_ex.o
 .debug_line    0x00003ca4     0x10a8 Drivers/STM32F7xx_HAL_Driver/Src/stm32f7xx_hal_uart.o
 .debug_line    0x00004d4c      0x833 Src/main.o
 .debug_line    0x0000557f      0x7e0 Src/stm32f7xx_hal_msp.o
 .debug_line    0x00005d5f      0x7c2 Src/stm32f7xx_it.o

.debug_info     0x00000000     0x7d42
 .debug_info    0x00000000       0xb1 Drivers/CMSIS/Device/ST/STM32F7xx/Source/Templates/gcc/startup_stm32f746xx.o
 .debug_info    0x000000b1      0x6cf Drivers/CMSIS/Device/ST/STM32F7xx/Source/Templates/system_stm32f7xx.o
 .debug_info    0x00000780      0x8e7 Drivers/STM32F7xx_HAL_Driver/Src/stm32f7xx_hal.o
 .debug_info    0x00001067     0x111c Drivers/STM32F7xx_HAL_Driver/Src/stm32f7xx_hal_cortex.o
 .debug_info    0x00002183      0x748 Drivers/STM32F7xx_HAL_Driver/Src/stm32f7xx_hal_gpio.o
 .debug_info    0x000028cb      0xcbe Drivers/STM32F7xx_HAL_Driver/Src/stm32f7xx_hal_rcc.o
 .debug_info    0x00003589      0xf6c Drivers/STM32F7xx_HAL_Driver/Src/stm32f7xx_hal_rcc_ex.o
 .debug_info    0x000044f5     0x17c2 Drivers/STM32F7xx_HAL_Driver/Src/stm32f7xx_hal_uart.o
 .debug_info    0x00005cb7     0x1269 Src/main.o
 .debug_info    0x00006f20      0xd20 Src/stm32f7xx_hal_msp.o
 .debug_info    0x00007c40      0x102 Src/stm32f7xx_it.o

.debug_abbrev   0x00000000     0x1542
 .debug_abbrev  0x00000000       0x12 Drivers/CMSIS/Device/ST/STM32F7xx/Source/Templates/gcc/startup_stm32f746xx.o
 .debug_abbrev  0x00000012      0x120 Drivers/CMSIS/Device/ST/STM32F7xx/Source/Templates/system_stm32f7xx.o
 .debug_abbrev  0x00000132      0x1e5 Drivers/STM32F7xx_HAL_Driver/Src/stm32f7xx_hal.o
 .debug_abbrev  0x00000317      0x332 Drivers/STM32F7xx_HAL_Driver/Src/stm32f7xx_hal_cortex.o
 .debug_abbrev  0x00000649      0x1cb Drivers/STM32F7xx_HAL_Driver/Src/stm32f7xx_hal_gpio.o
 .debug_abbrev  0x00000814      0x2dd Drivers/STM32F7xx_HAL_Driver/Src/stm32f7xx_hal_rcc.o
 .debug_abbrev  0x00000af1      0x231 Drivers/STM32F7xx_HAL_Driver/Src/stm32f7xx_hal_rcc_ex.o
 .debug_abbrev  0x00000d22      0x32c Drivers/STM32F7xx_HAL_Driver/Src/stm32f7xx_hal_uart.o
 .debug_abbrev  0x0000104e      0x280 Src/main.o
 .debug_abbrev  0x000012ce      0x1ac Src/stm32f7xx_hal_msp.o
 .debug_abbrev  0x0000147a       0xc8 Src/stm32f7xx_it.o

.debug_aranges  0x00000000      0x4a0
 .debug_aranges
                0x00000000       0x28 Drivers/CMSIS/Device/ST/STM32F7xx/Source/Templates/gcc/startup_stm32f746xx.o
 .debug_aranges
                0x00000028       0x28 Drivers/CMSIS/Device/ST/STM32F7xx/Source/Templates/system_stm32f7xx.o
 .debug_aranges
                0x00000050       0xc8 Drivers/STM32F7xx_HAL_Driver/Src/stm32f7xx_hal.o
 .debug_aranges
                0x00000118       0xa8 Drivers/STM32F7xx_HAL_Driver/Src/stm32f7xx_hal_cortex.o
 .debug_aranges
                0x000001c0       0x58 Drivers/STM32F7xx_HAL_Driver/Src/stm32f7xx_hal_gpio.o
 .debug_aranges
                0x00000218       0x88 Drivers/STM32F7xx_HAL_Driver/Src/stm32f7xx_hal_rcc.o
 .debug_aranges
                0x000002a0       0x30 Drivers/STM32F7xx_HAL_Driver/Src/stm32f7xx_hal_rcc_ex.o
 .debug_aranges
                0x000002d0      0x148 Drivers/STM32F7xx_HAL_Driver/Src/stm32f7xx_hal_uart.o
 .debug_aranges
                0x00000418       0x30 Src/main.o
 .debug_aranges
                0x00000448       0x30 Src/stm32f7xx_hal_msp.o
 .debug_aranges
                0x00000478       0x28 Src/stm32f7xx_it.o

.debug_ranges   0x00000000      0x9c0
 .debug_ranges  0x00000000       0x20 Drivers/CMSIS/Device/ST/STM32F7xx/Source/Templates/gcc/startup_stm32f746xx.o
 .debug_ranges  0x00000020       0x18 Drivers/CMSIS/Device/ST/STM32F7xx/Source/Templates/system_stm32f7xx.o
 .debug_ranges  0x00000038       0xb8 Drivers/STM32F7xx_HAL_Driver/Src/stm32f7xx_hal.o
 .debug_ranges  0x000000f0      0x150 Drivers/STM32F7xx_HAL_Driver/Src/stm32f7xx_hal_cortex.o
 .debug_ranges  0x00000240       0x70 Drivers/STM32F7xx_HAL_Driver/Src/stm32f7xx_hal_gpio.o
 .debug_ranges  0x000002b0      0x1b0 Drivers/STM32F7xx_HAL_Driver/Src/stm32f7xx_hal_rcc.o
 .debug_ranges  0x00000460      0x320 Drivers/STM32F7xx_HAL_Driver/Src/stm32f7xx_hal_rcc_ex.o
 .debug_ranges  0x00000780      0x138 Drivers/STM32F7xx_HAL_Driver/Src/stm32f7xx_hal_uart.o
 .debug_ranges  0x000008b8       0xb8 Src/main.o
 .debug_ranges  0x00000970       0x38 Src/stm32f7xx_hal_msp.o
 .debug_ranges  0x000009a8       0x18 Src/stm32f7xx_it.o

.debug_loc      0x00000000     0x2ab7
 .debug_loc     0x00000000       0xec Drivers/CMSIS/Device/ST/STM32F7xx/Source/Templates/system_stm32f7xx.o
 .debug_loc     0x000000ec       0x6a Drivers/STM32F7xx_HAL_Driver/Src/stm32f7xx_hal.o
 .debug_loc     0x00000156      0x4ee Drivers/STM32F7xx_HAL_Driver/Src/stm32f7xx_hal_cortex.o
 .debug_loc     0x00000644      0x34f Drivers/STM32F7xx_HAL_Driver/Src/stm32f7xx_hal_gpio.o
 .debug_loc     0x00000993      0x49b Drivers/STM32F7xx_HAL_Driver/Src/stm32f7xx_hal_rcc.o
 .debug_loc     0x00000e2e      0x9b4 Drivers/STM32F7xx_HAL_Driver/Src/stm32f7xx_hal_rcc_ex.o
 .debug_loc     0x000017e2     0x1288 Drivers/STM32F7xx_HAL_Driver/Src/stm32f7xx_hal_uart.o
 .debug_loc     0x00002a6a       0x4d Src/stm32f7xx_hal_msp.o

.debug_macro    0x00000000    0x15fbc
 .debug_macro   0x00000000      0x2d3 Drivers/CMSIS/Device/ST/STM32F7xx/Source/Templates/system_stm32f7xx.o
 .debug_macro   0x000002d3      0x89e Drivers/CMSIS/Device/ST/STM32F7xx/Source/Templates/system_stm32f7xx.o
 .debug_macro   0x00000b71       0x2e Drivers/CMSIS/Device/ST/STM32F7xx/Source/Templates/system_stm32f7xx.o
 .debug_macro   0x00000b9f       0x3b Drivers/CMSIS/Device/ST/STM32F7xx/Source/Templates/system_stm32f7xx.o
 .debug_macro   0x00000bda       0x22 Drivers/CMSIS/Device/ST/STM32F7xx/Source/Templates/system_stm32f7xx.o
 .debug_macro   0x00000bfc       0x44 Drivers/CMSIS/Device/ST/STM32F7xx/Source/Templates/system_stm32f7xx.o
 .debug_macro   0x00000c40       0xfd Drivers/CMSIS/Device/ST/STM32F7xx/Source/Templates/system_stm32f7xx.o
 .debug_macro   0x00000d3d       0x22 Drivers/CMSIS/Device/ST/STM32F7xx/Source/Templates/system_stm32f7xx.o
 .debug_macro   0x00000d5f      0x1df Drivers/CMSIS/Device/ST/STM32F7xx/Source/Templates/system_stm32f7xx.o
 .debug_macro   0x00000f3e       0x35 Drivers/CMSIS/Device/ST/STM32F7xx/Source/Templates/system_stm32f7xx.o
 .debug_macro   0x00000f73       0x50 Drivers/CMSIS/Device/ST/STM32F7xx/Source/Templates/system_stm32f7xx.o
 .debug_macro   0x00000fc3     0x1114 Drivers/CMSIS/Device/ST/STM32F7xx/Source/Templates/system_stm32f7xx.o
 .debug_macro   0x000020d7     0xaa9d Drivers/CMSIS/Device/ST/STM32F7xx/Source/Templates/system_stm32f7xx.o
 .debug_macro   0x0000cb74       0x43 Drivers/CMSIS/Device/ST/STM32F7xx/Source/Templates/system_stm32f7xx.o
 .debug_macro   0x0000cbb7       0x22 Drivers/CMSIS/Device/ST/STM32F7xx/Source/Templates/system_stm32f7xx.o
 .debug_macro   0x0000cbd9      0x178 Drivers/CMSIS/Device/ST/STM32F7xx/Source/Templates/system_stm32f7xx.o
 .debug_macro   0x0000cd51     0x3590 Drivers/CMSIS/Device/ST/STM32F7xx/Source/Templates/system_stm32f7xx.o
 .debug_macro   0x000102e1       0x58 Drivers/CMSIS/Device/ST/STM32F7xx/Source/Templates/system_stm32f7xx.o
 .debug_macro   0x00010339       0x35 Drivers/CMSIS/Device/ST/STM32F7xx/Source/Templates/system_stm32f7xx.o
 .debug_macro   0x0001036e       0x9c Drivers/CMSIS/Device/ST/STM32F7xx/Source/Templates/system_stm32f7xx.o
 .debug_macro   0x0001040a       0x16 Drivers/CMSIS/Device/ST/STM32F7xx/Source/Templates/system_stm32f7xx.o
 .debug_macro   0x00010420       0x97 Drivers/CMSIS/Device/ST/STM32F7xx/Source/Templates/system_stm32f7xx.o
 .debug_macro   0x000104b7      0x329 Drivers/CMSIS/Device/ST/STM32F7xx/Source/Templates/system_stm32f7xx.o
 .debug_macro   0x000107e0       0xfd Drivers/CMSIS/Device/ST/STM32F7xx/Source/Templates/system_stm32f7xx.o
 .debug_macro   0x000108dd       0x10 Drivers/CMSIS/Device/ST/STM32F7xx/Source/Templates/system_stm32f7xx.o
 .debug_macro   0x000108ed       0x52 Drivers/CMSIS/Device/ST/STM32F7xx/Source/Templates/system_stm32f7xx.o
 .debug_macro   0x0001093f       0x16 Drivers/CMSIS/Device/ST/STM32F7xx/Source/Templates/system_stm32f7xx.o
 .debug_macro   0x00010955       0x43 Drivers/CMSIS/Device/ST/STM32F7xx/Source/Templates/system_stm32f7xx.o
 .debug_macro   0x00010998      0x187 Drivers/CMSIS/Device/ST/STM32F7xx/Source/Templates/system_stm32f7xx.o
 .debug_macro   0x00010b1f       0x10 Drivers/CMSIS/Device/ST/STM32F7xx/Source/Templates/system_stm32f7xx.o
 .debug_macro   0x00010b2f       0x22 Drivers/CMSIS/Device/ST/STM32F7xx/Source/Templates/system_stm32f7xx.o
 .debug_macro   0x00010b51       0x3a Drivers/CMSIS/Device/ST/STM32F7xx/Source/Templates/system_stm32f7xx.o
 .debug_macro   0x00010b8b       0x10 Drivers/CMSIS/Device/ST/STM32F7xx/Source/Templates/system_stm32f7xx.o
 .debug_macro   0x00010b9b       0x40 Drivers/CMSIS/Device/ST/STM32F7xx/Source/Templates/system_stm32f7xx.o
 .debug_macro   0x00010bdb       0x65 Drivers/CMSIS/Device/ST/STM32F7xx/Source/Templates/system_stm32f7xx.o
 .debug_macro   0x00010c40       0x16 Drivers/CMSIS/Device/ST/STM32F7xx/Source/Templates/system_stm32f7xx.o
 .debug_macro   0x00010c56      0x197 Drivers/CMSIS/Device/ST/STM32F7xx/Source/Templates/system_stm32f7xx.o
 .debug_macro   0x00010ded       0x50 Drivers/CMSIS/Device/ST/STM32F7xx/Source/Templates/system_stm32f7xx.o
 .debug_macro   0x00010e3d     0x18ad Drivers/CMSIS/Device/ST/STM32F7xx/Source/Templates/system_stm32f7xx.o
 .debug_macro   0x000126ea      0x6a2 Drivers/CMSIS/Device/ST/STM32F7xx/Source/Templates/system_stm32f7xx.o
 .debug_macro   0x00012d8c      0x11e Drivers/CMSIS/Device/ST/STM32F7xx/Source/Templates/system_stm32f7xx.o
 .debug_macro   0x00012eaa      0x204 Drivers/CMSIS/Device/ST/STM32F7xx/Source/Templates/system_stm32f7xx.o
 .debug_macro   0x000130ae       0x27 Drivers/CMSIS/Device/ST/STM32F7xx/Source/Templates/system_stm32f7xx.o
 .debug_macro   0x000130d5      0x24f Drivers/CMSIS/Device/ST/STM32F7xx/Source/Templates/system_stm32f7xx.o
 .debug_macro   0x00013324       0x41 Drivers/CMSIS/Device/ST/STM32F7xx/Source/Templates/system_stm32f7xx.o
 .debug_macro   0x00013365       0x58 Drivers/CMSIS/Device/ST/STM32F7xx/Source/Templates/system_stm32f7xx.o
 .debug_macro   0x000133bd      0x23a Drivers/CMSIS/Device/ST/STM32F7xx/Source/Templates/system_stm32f7xx.o
 .debug_macro   0x000135f7      0x150 Drivers/CMSIS/Device/ST/STM32F7xx/Source/Templates/system_stm32f7xx.o
 .debug_macro   0x00013747      0x25d Drivers/CMSIS/Device/ST/STM32F7xx/Source/Templates/system_stm32f7xx.o
 .debug_macro   0x000139a4       0x12 Drivers/CMSIS/Device/ST/STM32F7xx/Source/Templates/system_stm32f7xx.o
 .debug_macro   0x000139b6      0x209 Drivers/CMSIS/Device/ST/STM32F7xx/Source/Templates/system_stm32f7xx.o
 .debug_macro   0x00013bbf       0x22 Drivers/CMSIS/Device/ST/STM32F7xx/Source/Templates/system_stm32f7xx.o
 .debug_macro   0x00013be1       0x90 Drivers/CMSIS/Device/ST/STM32F7xx/Source/Templates/system_stm32f7xx.o
 .debug_macro   0x00013c71      0x133 Drivers/CMSIS/Device/ST/STM32F7xx/Source/Templates/system_stm32f7xx.o
 .debug_macro   0x00013da4      0x10c Drivers/CMSIS/Device/ST/STM32F7xx/Source/Templates/system_stm32f7xx.o
 .debug_macro   0x00013eb0       0x35 Drivers/CMSIS/Device/ST/STM32F7xx/Source/Templates/system_stm32f7xx.o
 .debug_macro   0x00013ee5      0x4e8 Drivers/CMSIS/Device/ST/STM32F7xx/Source/Templates/system_stm32f7xx.o
 .debug_macro   0x000143cd       0x47 Drivers/CMSIS/Device/ST/STM32F7xx/Source/Templates/system_stm32f7xx.o
 .debug_macro   0x00014414      0x300 Drivers/STM32F7xx_HAL_Driver/Src/stm32f7xx_hal.o
 .debug_macro   0x00014714      0x14a Drivers/STM32F7xx_HAL_Driver/Src/stm32f7xx_hal.o
 .debug_macro   0x0001485e      0x2dc Drivers/STM32F7xx_HAL_Driver/Src/stm32f7xx_hal_cortex.o
 .debug_macro   0x00014b3a      0x314 Drivers/STM32F7xx_HAL_Driver/Src/stm32f7xx_hal_gpio.o
 .debug_macro   0x00014e4e      0x300 Drivers/STM32F7xx_HAL_Driver/Src/stm32f7xx_hal_rcc.o
 .debug_macro   0x0001514e      0x2e8 Drivers/STM32F7xx_HAL_Driver/Src/stm32f7xx_hal_rcc_ex.o
 .debug_macro   0x00015436      0x2e4 Drivers/STM32F7xx_HAL_Driver/Src/stm32f7xx_hal_uart.o
 .debug_macro   0x0001571a      0x2e0 Src/main.o
 .debug_macro   0x000159fa      0x2dc Src/stm32f7xx_hal_msp.o
 .debug_macro   0x00015cd6      0x2e6 Src/stm32f7xx_it.o

.debug_str      0x00000000    0x80077
 .debug_str     0x00000000    0x7ce05 Drivers/CMSIS/Device/ST/STM32F7xx/Source/Templates/system_stm32f7xx.o
                              0x7d097 (size before relaxing)
 .debug_str     0x0007ce05     0x1a43 Drivers/STM32F7xx_HAL_Driver/Src/stm32f7xx_hal.o
                              0x7e9d7 (size before relaxing)
 .debug_str     0x0007e848      0x355 Drivers/STM32F7xx_HAL_Driver/Src/stm32f7xx_hal_cortex.o
                              0x7eaa5 (size before relaxing)
 .debug_str     0x0007eb9d      0x2ca Drivers/STM32F7xx_HAL_Driver/Src/stm32f7xx_hal_gpio.o
                              0x7e332 (size before relaxing)
 .debug_str     0x0007ee67      0x386 Drivers/STM32F7xx_HAL_Driver/Src/stm32f7xx_hal_rcc.o
                              0x7e4a6 (size before relaxing)
 .debug_str     0x0007f1ed      0x366 Drivers/STM32F7xx_HAL_Driver/Src/stm32f7xx_hal_rcc_ex.o
                              0x7e3df (size before relaxing)
 .debug_str     0x0007f553      0xa11 Drivers/STM32F7xx_HAL_Driver/Src/stm32f7xx_hal_uart.o
                              0x7eb14 (size before relaxing)
 .debug_str     0x0007ff64       0x81 Src/main.o
                              0x7efeb (size before relaxing)
 .debug_str     0x0007ffe5       0x4b Src/stm32f7xx_hal_msp.o
                              0x7eb4f (size before relaxing)
 .debug_str     0x00080030       0x47 Src/stm32f7xx_it.o
                              0x7defa (size before relaxing)

.comment        0x00000000       0x6e
 .comment       0x00000000       0x6e Drivers/CMSIS/Device/ST/STM32F7xx/Source/Templates/system_stm32f7xx.o
                                 0x6f (size before relaxing)
 .comment       0x0000006e       0x6f Drivers/STM32F7xx_HAL_Driver/Src/stm32f7xx_hal.o
 .comment       0x0000006e       0x6f Drivers/STM32F7xx_HAL_Driver/Src/stm32f7xx_hal_cortex.o
 .comment       0x0000006e       0x6f Drivers/STM32F7xx_HAL_Driver/Src/stm32f7xx_hal_gpio.o
 .comment       0x0000006e       0x6f Drivers/STM32F7xx_HAL_Driver/Src/stm32f7xx_hal_rcc.o
 .comment       0x0000006e       0x6f Drivers/STM32F7xx_HAL_Driver/Src/stm32f7xx_hal_rcc_ex.o
 .comment       0x0000006e       0x6f Drivers/STM32F7xx_HAL_Driver/Src/stm32f7xx_hal_uart.o
 .comment       0x0000006e       0x6f Src/main.o
 .comment       0x0000006e       0x6f Src/stm32f7xx_hal_msp.o
 .comment       0x0000006e       0x6f Src/stm32f7xx_it.o

.debug_frame    0x00000000      0xae0
 .debug_frame   0x00000000       0x30 Drivers/CMSIS/Device/ST/STM32F7xx/Source/Templates/system_stm32f7xx.o
 .debug_frame   0x00000030      0x1a4 Drivers/STM32F7xx_HAL_Driver/Src/stm32f7xx_hal.o
 .debug_frame   0x000001d4      0x150 Drivers/STM32F7xx_HAL_Driver/Src/stm32f7xx_hal_cortex.o
 .debug_frame   0x00000324       0xd4 Drivers/STM32F7xx_HAL_Driver/Src/stm32f7xx_hal_gpio.o
 .debug_frame   0x000003f8      0x138 Drivers/STM32F7xx_HAL_Driver/Src/stm32f7xx_hal_rcc.o
 .debug_frame   0x00000530       0x6c Drivers/STM32F7xx_HAL_Driver/Src/stm32f7xx_hal_rcc_ex.o
 .debug_frame   0x0000059c      0x41c Drivers/STM32F7xx_HAL_Driver/Src/stm32f7xx_hal_uart.o
 .debug_frame   0x000009b8       0x5c Src/main.o
 .debug_frame   0x00000a14       0x54 Src/stm32f7xx_hal_msp.o
 .debug_frame   0x00000a68       0x4c Src/stm32f7xx_it.o
 .debug_frame   0x00000ab4       0x2c c:/ac6/systemworkbench/plugins/fr.ac6.mcu.externaltools.arm-none.win32_1.7.0.201602121829/tools/compiler/bin/../lib/gcc/arm-none-eabi/5.2.1/../../../../arm-none-eabi/lib/armv7e-m/fpu/fpv5-sp-d16\libc_nano.a(lib_a-init.o)
